
> cash-management@0.1.0 build
> next build

⚠ No build cache found. Please configure build caching for faster rebuilds. Read more: https://nextjs.org/docs/messages/no-cache
Attention: Next.js now collects completely anonymous telemetry regarding usage.
This information is used to shape Next.js' roadmap and prioritize features.
You can learn more, including how to opt-out if you'd not like to participate in this anonymous program, by visiting the following URL:
https://nextjs.org/telemetry

▲ Next.js 16.2.6 (Turbopack)
- Environments: .env

  Creating an optimized production build ...
✓ Compiled successfully in 4.0s
  Running TypeScript ...
  Finished TypeScript in 3.2s ...
  Collecting page data using 3 workers ...
  Generating static pages using 3 workers (0/6) ...
  Generating static pages using 3 workers (1/6) 
  Generating static pages using 3 workers (2/6) 
  Generating static pages using 3 workers (4/6) 
✓ Generating static pages using 3 workers (6/6) in 264ms
  Finalizing page optimization ...

Route (app)
┌ ○ /
├ ○ /_not-found
├ ○ /expenses
├ ○ /icon.svg
└ ○ /income


○  (Static)  prerendered as static content

